Preflight passed for 200 sample(s) in F:\Sadik\semantic-causal-pathway\.venv\data\vqa_v2\approved_pilot_manifest.jsonl
The image processor of type `Qwen2VLImageProcessor` is now loaded as a fast processor by default, even if the model checkpoint was saved with a slow processor. This is a breaking change and may produce slightly different outputs. To continue using the slow processor, instantiate this class with `use_fast=False`. Note that this behavior will be extended to all models in a future release.
`torch_dtype` is deprecated! Use `dtype` instead!
Loading checkpoint shards:   0%|          | 0/5 [00:00<?, ?it/s]Loading checkpoint shards:  20%|##        | 1/5 [00:01<00:07,  1.76s/it]Loading checkpoint shards:  40%|####      | 2/5 [00:03<00:04,  1.48s/it]Loading checkpoint shards:  60%|######    | 3/5 [00:04<00:02,  1.41s/it]Loading checkpoint shards:  80%|########  | 4/5 [00:05<00:01,  1.37s/it]Loading checkpoint shards: 100%|##########| 5/5 [00:06<00:00,  1.02s/it]Loading checkpoint shards: 100%|##########| 5/5 [00:06<00:00,  1.21s/it]
The following generation flags are not valid and may be ignored: ['temperature']. Set `TRANSFORMERS_VERBOSITY=info` for more details.
[1] vqav2-250917: SCC=None
[2] vqav2-100850: SCC=0.0
[3] gqa-2354461: SCC=2.4044840014565327e-12
[4] gqa-2366749: SCC=None
[5] gqa-2347379: SCC=0.29508779734399965
[6] vqav2-471446: SCC=1.4425127758954659e-12
[7] vqav2-154711: SCC=0.0
[8] vqav2-502982: SCC=0.0
[9] gqa-2373388: SCC=0.0
[10] gqa-2326675: SCC=0.0
[11] gqa-2398774: SCC=None
[12] gqa-2324683: SCC=0.0
[13] vqav2-287550: SCC=0.2275427269494509
[14] gqa-2336142: SCC=0.18979029080066764
[15] vqav2-341118: SCC=0.3363841518897718
[16] vqav2-528516: SCC=0.0
[17] gqa-2395906: SCC=5.389153513483432e-13
[18] vqav2-3335: SCC=0.014204240935377779
[19] gqa-1653: SCC=1.2327932935828943e-13
[20] vqav2-337984: SCC=1.2022604950389674e-12
[21] gqa-2391748: SCC=0.0
[22] gqa-2394980: SCC=None
[23] vqav2-111086: SCC=9.616804337653846e-13
[24] gqa-2380370: SCC=3.6066400233555803e-13
[25] gqa-713596: SCC=0.2377660503338704
[26] vqav2-92514: SCC=1.422283488021967e-14
[27] gqa-2382208: SCC=0.0
[28] gqa-2387265: SCC=9.61675183931004e-13
[29] gqa-2330701: SCC=None
[30] gqa-2374541: SCC=0.0
[31] gqa-2342004: SCC=6.704878232388047e-13
[32] vqav2-328464: SCC=0.024971471622553195
[33] vqav2-295956: SCC=4.898123439567349e-13
[34] gqa-2380928: SCC=1.5826130685291366e-24
[35] gqa-1218: SCC=1.2021864984982737e-12
[36] vqav2-72428: SCC=0.0016071497236645712
[37] vqav2-276720: SCC=0.0
[38] gqa-2376178: SCC=None
[39] vqav2-127785: SCC=0.016162871001178986
[40] gqa-2383075: SCC=0.0
[41] gqa-2369719: SCC=None
[42] gqa-2344624: SCC=0.0491835109090348
[43] vqav2-155736: SCC=0.07435991972717816
[44] vqav2-363845: SCC=None
[45] vqav2-281679: SCC=None
[46] gqa-2404154: SCC=None
[47] gqa-2334535: SCC=0.0
[48] gqa-2376976: SCC=0.5402300861332161
[49] gqa-2349983: SCC=None
[50] gqa-2404965: SCC=0.0
[51] gqa-2390480: SCC=3.2242085852039237e-13
[52] gqa-2364364: SCC=7.207645146118925e-13
[53] vqav2-190115: SCC=None
[54] vqav2-11340: SCC=None
[55] vqav2-283064: SCC=0.0
[56] gqa-2316187: SCC=0.0
[57] vqav2-302159: SCC=None
[58] gqa-2352581: SCC=4.810525779083844e-13
[59] vqav2-433279: SCC=1.083281162078473e-12
[60] gqa-2405223: SCC=0.0
[61] vqav2-332940: SCC=None
[62] vqav2-9729: SCC=None
[63] gqa-2323933: SCC=0.0
[64] vqav2-446751: SCC=6.936143695405475e-25
[65] vqav2-12670: SCC=0.21332351753766032
[66] gqa-2407446: SCC=None
[67] vqav2-144929: SCC=1.4214580918441972e-13
[68] gqa-2386511: SCC=0.1477084045503404
[69] gqa-2362638: SCC=3.606744532673397e-13
[70] gqa-2325896: SCC=7.213489065331183e-13
[71] vqav2-494863: SCC=None
[72] gqa-2368444: SCC=4.701772270553047e-13
[73] gqa-2364138: SCC=0.0
[74] vqav2-70589: SCC=0.0
[75] gqa-2383321: SCC=0.0
[76] vqav2-261906: SCC=None
[77] gqa-2363937: SCC=2.1833456910530684e-13
[78] gqa-2327958: SCC=0.8204138495309586
[79] vqav2-425644: SCC=None
[80] gqa-2400081: SCC=None
[81] vqav2-358255: SCC=0.0
[82] vqav2-96110: SCC=6.909751229585053e-13
[83] gqa-2398382: SCC=7.187467322901144e-13
[84] vqav2-306855: SCC=0.0
[85] vqav2-276063: SCC=0.24627915899578018
[86] vqav2-139127: SCC=2.404187959830978e-13
[87] vqav2-12979: SCC=0.17241474571925544
[88] vqav2-296032: SCC=9.616483992449916e-13
[89] vqav2-504810: SCC=0.09189212521025357
[90] vqav2-404613: SCC=None
[91] gqa-2402570: SCC=1.2047289985879448e-12
[92] vqav2-490294: SCC=0.0
[93] vqav2-290170: SCC=0.11022397174220452
[94] vqav2-565670: SCC=0.14853122203606142
[95] vqav2-321846: SCC=2.403531332693439e-12
[96] gqa-2415670: SCC=None
[97] vqav2-84158: SCC=0.0
[98] vqav2-420666: SCC=0.0
[99] gqa-2414593: SCC=2.991331701137988e-13
[100] vqav2-329336: SCC=None
[101] vqav2-16180: SCC=0.09598100872134516
[102] vqav2-418281: SCC=0.14558986055712317
[103] gqa-2404396: SCC=None
[104] vqav2-544855: SCC=0.0
[105] gqa-2386472: SCC=3.042240884483659e-13
[106] gqa-2346159: SCC=4.808375919651553e-13
[107] gqa-2411476: SCC=0.0
[108] gqa-2325456: SCC=0.0
[109] gqa-2380186: SCC=0.0
[110] vqav2-383846: SCC=0.0
[111] gqa-2386899: SCC=0.4973128347205775
[112] vqav2-262514: SCC=8.014751318303573e-13
[113] gqa-2369833: SCC=0.0
[114] vqav2-224557: SCC=None
[115] vqav2-451623: SCC=0.0
[116] vqav2-198935: SCC=0.42147452632100757
[117] vqav2-397639: SCC=0.16098237016535613
[118] gqa-2333341: SCC=0.33333333333525683
[119] vqav2-255479: SCC=3.2243652452826835e-13
[120] vqav2-336166: SCC=4.2624471941642157e-13
[121] gqa-2392001: SCC=None
[122] gqa-2334745: SCC=0.0
[123] gqa-2379466: SCC=None
[124] vqav2-478798: SCC=0.0
[125] gqa-2406874: SCC=0.0
[126] gqa-2401032: SCC=None
[127] gqa-2350736: SCC=0.0
[128] gqa-2331481: SCC=0.0
[129] gqa-2356679: SCC=1.912313872313026e-12
[130] vqav2-282231: SCC=2.8186574504888223e-13
[131] vqav2-442630: SCC=None
[132] vqav2-543364: SCC=0.0
[133] gqa-2381398: SCC=0.0
[134] vqav2-103692: SCC=1.2021864984982737e-12
[135] vqav2-176211: SCC=2.12931201144497e-14
[136] vqav2-466774: SCC=0.13124156745184457
[137] vqav2-128812: SCC=0.17180947321603815
[138] vqav2-194407: SCC=1.3104305924895626e-12
[139] vqav2-42387: SCC=None
[140] vqav2-252213: SCC=1.4425127758954659e-12
[141] gqa-2317919: SCC=1.4425102146352529e-12
[142] gqa-2366564: SCC=2.404187959830978e-13
[143] gqa-2316943: SCC=4.883342302432011e-13
[144] gqa-2365778: SCC=1.7342227667893656e-24
[145] vqav2-155774: SCC=2.063182576802245e-12
[146] gqa-2333723: SCC=0.04577339930569235
[147] gqa-1592951: SCC=1.5556778444646496e-13
[148] gqa-2324933: SCC=9.616751839313508e-13
[149] gqa-1204: SCC=3.606559495500023e-13
[150] gqa-2400631: SCC=4.803162469153396e-13
[151] gqa-2323902: SCC=None
[152] gqa-2332799: SCC=1.4425127758954659e-12
[153] gqa-2376957: SCC=3.1340133400467135e-13
[154] vqav2-439522: SCC=1.9234613901630837e-12
[155] gqa-2360831: SCC=1.2823075934434434e-12
[156] vqav2-393942: SCC=2.2441421806832056e-12
[157] vqav2-380388: SCC=0.0
[158] vqav2-574297: SCC=None
[159] vqav2-372265: SCC=0.11756323992565755
[160] vqav2-405635: SCC=3.606559495502626e-13
[161] gqa-2333044: SCC=2.4838086756265235e-17
[162] gqa-2348712: SCC=1.0752976835206018e-12
[163] vqav2-527887: SCC=0.0
[164] gqa-2345900: SCC=0.13538761776447433
[165] vqav2-70657: SCC=0.0
[166] gqa-2375356: SCC=4.80835192930527e-13
[167] gqa-2316597: SCC=0.0705523346188188
[168] vqav2-380459: SCC=2.4041879598292444e-13
[169] gqa-2409738: SCC=3.8111021817850383e-13
[170] gqa-2395512: SCC=None
[171] vqav2-142940: SCC=None
[172] vqav2-240589: SCC=None
[173] gqa-2403946: SCC=0.0
[174] gqa-1159297: SCC=0.2222220928306027
[175] gqa-2406216: SCC=1.4426608056320826e-12
[176] gqa-2341440: SCC=0.2547766380838062
[177] gqa-2318332: SCC=4.806899783899418e-13
[178] vqav2-261679: SCC=0.0
[179] vqav2-397863: SCC=4.2815739124462944e-13
[180] vqav2-302185: SCC=0.0
[181] gqa-2402273: SCC=None
[182] gqa-2403468: SCC=None
[183] gqa-2331336: SCC=0.0
[184] vqav2-451151: SCC=0.0
[185] vqav2-240279: SCC=9.618108778590113e-13
[186] gqa-2388927: SCC=None
[187] gqa-2325742: SCC=0.0
[188] gqa-2770: SCC=8.670579996981123e-25
[189] vqav2-451406: SCC=None
[190] vqav2-432605: SCC=2.150760195345895e-12
[191] vqav2-61862: SCC=0.052038258216637046
[192] vqav2-45248: SCC=None
[193] gqa-2374131: SCC=None
[194] vqav2-209868: SCC=0.0586452842467245
[195] vqav2-406885: SCC=None
[196] vqav2-29393: SCC=None
[197] vqav2-42433: SCC=1.3047024308994735e-13
[198] vqav2-493682: SCC=None
[199] vqav2-565045: SCC=4.808375919651543e-13
Wrote results to F:\Sadik\semantic-causal-pathway\.venv\outputs\pathway_pilot\models\qwen2_5_vl_7b\semantic_pathway_results.jsonl; new completed rows: 199; failures: 0
Completed qwen2_5_vl_7b: F:\Sadik\semantic-causal-pathway\.venv\outputs\pathway_pilot\models\qwen2_5_vl_7b\semantic_pathway_results.jsonl
Wrote F:\Sadik\semantic-causal-pathway\.venv\outputs\pathway_pilot\heldout_prediction_report.json and comparison plots under F:\Sadik\semantic-causal-pathway\.venv\outputs\pathway_pilot
Held-out prediction report: F:\Sadik\semantic-causal-pathway\.venv\outputs\pathway_pilot\heldout_prediction_report.json
